
Reverting database "playground/test"...

Nothing to revert in database "playground/test". All migrations are reverted already.

