
Reverting database "playground/test" down to 20250103_140520...

20250103_141521: create some quotes (down) applied

Successfully reverted database "playground/test" down to 20250103_140520.

