
Reverting database "playground/test"...

20250103_140520: define quote table (down) applied

Successfully reverted database "playground/test" completely.

