
Verifying migrations against database "playground/test"...

No migrations defined in migrations folder.

