
Verifying migrations against database "playground/test"...

All migrations verified successfully.

