
List of backward migrations:
[0m+[0m[0m-----------------[0m[0m+[0m[0m--------------------[0m[0m+[0m[0m------[0m[0m+[0m[0m-----------------------------------------------[0m[0m+[0m[0m------[0m[0m+[0m[0m------------[0m[0m+[0m[0m------------[0m[0m+[0m[0m----------[0m[0m+[0m
[0m[0m|[0m[0m [0m[0m[0mKey            [0m [0m[0m|[0m[0m [0m[0m[0mTitle             [0m [0m[0m|[0m[0m [0m[0m[0mKind[0m [0m[0m|[0m[0m [0m[0m[0mScript                                       [0m [0m[0m|[0m[0m [0m[0m[0mRank[0m [0m[0m|[0m[0m [0m[0m[0mApplied at[0m [0m[0m|[0m[0m [0m[0m[0mApplied by[0m [0m[0m|[0m[0m [0m[0m[0mChecksum[0m [0m[0m|[0m
[0m[0m+[0m[0m-----------------[0m[0m+[0m[0m--------------------[0m[0m+[0m[0m------[0m[0m+[0m[0m-----------------------------------------------[0m[0m+[0m[0m------[0m[0m+[0m[0m------------[0m[0m+[0m[0m------------[0m[0m+[0m[0m----------[0m[0m+[0m
[0m[0m|[0m[0m [0m[0m[0m20250103_141521[0m [0m[0m|[0m[0m [0m[0m[0mcreate some quotes[0m [0m[0m|[0m[0m [0m[0m[0mdown[0m [0m[0m|[0m[0m [0m[0m[0m20250103_141521_create_some_quotes.down.surql[0m [0m[0m|[0m[0m [0m[0m[0m    [0m [0m[0m|[0m[0m [0m[0m[0m          [0m [0m[0m|[0m[0m [0m[0m[0m          [0m [0m[0m|[0m[0m [0m[0m[0m        [0m [0m[0m|[0m
[0m[0m+[0m[0m-----------------[0m[0m+[0m[0m--------------------[0m[0m+[0m[0m------[0m[0m+[0m[0m-----------------------------------------------[0m[0m+[0m[0m------[0m[0m+[0m[0m------------[0m[0m+[0m[0m------------[0m[0m+[0m[0m----------[0m[0m+[0m
[0m[0m|[0m[0m [0m[0m[0m20250103_140520[0m [0m[0m|[0m[0m [0m[0m[0mdefine quote table[0m [0m[0m|[0m[0m [0m[0m[0mdown[0m [0m[0m|[0m[0m [0m[0m[0m20250103_140520_define_quote_table.down.surql[0m [0m[0m|[0m[0m [0m[0m[0m    [0m [0m[0m|[0m[0m [0m[0m[0m          [0m [0m[0m|[0m[0m [0m[0m[0m          [0m [0m[0m|[0m[0m [0m[0m[0m        [0m [0m[0m|[0m
[0m[0m+[0m[0m-----------------[0m[0m+[0m[0m--------------------[0m[0m+[0m[0m------[0m[0m+[0m[0m-----------------------------------------------[0m[0m+[0m[0m------[0m[0m+[0m[0m------------[0m[0m+[0m[0m------------[0m[0m+[0m[0m----------[0m[0m+[0m
[0m
