
List of migrations:
[0m+[0m[0m-----[0m[0m+[0m[0m-------[0m[0m+[0m[0m------[0m[0m+[0m[0m--------[0m[0m+[0m[0m------[0m[0m+[0m[0m------------[0m[0m+[0m[0m------------[0m[0m+[0m[0m----------[0m[0m+[0m
[0m[0m|[0m[0m [0m[0m[0mKey[0m [0m[0m|[0m[0m [0m[0m[0mTitle[0m [0m[0m|[0m[0m [0m[0m[0mKind[0m [0m[0m|[0m[0m [0m[0m[0mScript[0m [0m[0m|[0m[0m [0m[0m[0mRank[0m [0m[0m|[0m[0m [0m[0m[0mApplied at[0m [0m[0m|[0m[0m [0m[0m[0mApplied by[0m [0m[0m|[0m[0m [0m[0m[0mChecksum[0m [0m[0m|[0m
[0m[0m+[0m[0m-----[0m[0m+[0m[0m-------[0m[0m+[0m[0m------[0m[0m+[0m[0m--------[0m[0m+[0m[0m------[0m[0m+[0m[0m------------[0m[0m+[0m[0m------------[0m[0m+[0m[0m----------[0m[0m+[0m
[0m
  No migrations defined.

