
List of open backward migrations:
[0m+[0m[0m-----------------[0m[0m+[0m[0m--------------------[0m[0m+[0m[0m------[0m[0m+[0m[0m-----------------------------------------------[0m[0m+[0m[0m------[0m[0m+[0m[0m---------------------[0m[0m+[0m[0m------------[0m[0m+[0m[0m------------[0m[0m+[0m
[0m[0m|[0m[0m [0m[0m[0mKey            [0m [0m[0m|[0m[0m [0m[0m[0mTitle             [0m [0m[0m|[0m[0m [0m[0m[0mKind[0m [0m[0m|[0m[0m [0m[0m[0mScript                                       [0m [0m[0m|[0m[0m [0m[0m[0mRank[0m [0m[0m|[0m[0m [0m[0m[0mApplied at         [0m [0m[0m|[0m[0m [0m[0m[0mApplied by[0m [0m[0m|[0m[0m [0m[0m[0mChecksum  [0m [0m[0m|[0m
[0m[0m+[0m[0m-----------------[0m[0m+[0m[0m--------------------[0m[0m+[0m[0m------[0m[0m+[0m[0m-----------------------------------------------[0m[0m+[0m[0m------[0m[0m+[0m[0m---------------------[0m[0m+[0m[0m------------[0m[0m+[0m[0m------------[0m[0m+[0m
[0m[0m|[0m[0m [0m[0m[0m20250103_140520[0m [0m[0m|[0m[0m [0m[0m[0mdefine quote table[0m [0m[0m|[0m[0m [0m[0m[0mdown[0m [0m[0m|[0m[0m [0m[0m[0m20250103_140520_define_quote_table.down.surql[0m [0m[0m|[0m[0m [0m[0m[0m   1[0m [0m[0m|[0m[0m [0m[0m[0m2025-01-20 09:10:19[0m [0m[0m|[0m[0m [0m[0m[0mtester    [0m [0m[0m|[0m[0m [0m[0m[0m4164250580[0m [0m[0m|[0m
[0m[0m+[0m[0m-----------------[0m[0m+[0m[0m--------------------[0m[0m+[0m[0m------[0m[0m+[0m[0m-----------------------------------------------[0m[0m+[0m[0m------[0m[0m+[0m[0m---------------------[0m[0m+[0m[0m------------[0m[0m+[0m[0m------------[0m[0m+[0m
[0m
