Error: 
   0: [91mthe argument in option '--to V0101' is not a valid migration key. please specify the key in the format yyyymmdd_HHMMSS, e.g. --to 20250103_140520[0m

...