
Migrating database "playground/test"...

20250103_140520: define quote table (up) applied
20250103_141521: create some quotes (up) applied

Successfully migrated database "playground/test" up to 20250103_141521.

