Error: 
   0: [91mno key specified for option '--to'. please specify a key following the '--to' option in the format yyyymmdd_HHMMSS, e.g. --to 20250103_140520[0m

...