error: a value is required for '--to <TO>' but none was supplied

For more information, try '--help'.
