
Migrating database "playground/test"...

No migration applied to database "playground/test". All migrations are applied already.

