
Migrations located at [..]:

New migration [..]_add_some_more_quotes.up.surql created.

