
Migrations located at [..]:

New migration [..].up.surql created.

