Error: 
   0: [91mInvalid key! Please specify a key in the format YYYYmmdd_HHMMSS.[0m
   1: [91minput contains invalid characters[0m

...
